Archive member included to satisfy reference by file (symbol)

/opt/st/stm32cubeide_1.11.0/plugins/com.st.stm32cube.ide.mcu.externaltools.gnu-tools-for-stm32.10.3-2021.10.linux64_1.0.100.202210260954/tools/bin/../lib/gcc/arm-none-eabi/10.3.1/../../../../arm-none-eabi/lib/thumb/v7e-m+fp/hard/libc_nano.a(lib_a-errno.o)
                              ./Core/Src/syscalls.o (__errno)
/opt/st/stm32cubeide_1.11.0/plugins/com.st.stm32cube.ide.mcu.externaltools.gnu-tools-for-stm32.10.3-2021.10.linux64_1.0.100.202210260954/tools/bin/../lib/gcc/arm-none-eabi/10.3.1/../../../../arm-none-eabi/lib/thumb/v7e-m+fp/hard/libc_nano.a(lib_a-exit.o)
                              /opt/st/stm32cubeide_1.11.0/plugins/com.st.stm32cube.ide.mcu.externaltools.gnu-tools-for-stm32.10.3-2021.10.linux64_1.0.100.202210260954/tools/bin/../lib/gcc/arm-none-eabi/10.3.1/../../../../arm-none-eabi/lib/thumb/v7e-m+fp/hard/crt0.o (exit)
/opt/st/stm32cubeide_1.11.0/plugins/com.st.stm32cube.ide.mcu.externaltools.gnu-tools-for-stm32.10.3-2021.10.linux64_1.0.100.202210260954/tools/bin/../lib/gcc/arm-none-eabi/10.3.1/../../../../arm-none-eabi/lib/thumb/v7e-m+fp/hard/libc_nano.a(lib_a-impure.o)
                              /opt/st/stm32cubeide_1.11.0/plugins/com.st.stm32cube.ide.mcu.externaltools.gnu-tools-for-stm32.10.3-2021.10.linux64_1.0.100.202210260954/tools/bin/../lib/gcc/arm-none-eabi/10.3.1/../../../../arm-none-eabi/lib/thumb/v7e-m+fp/hard/libc_nano.a(lib_a-exit.o) (_global_impure_ptr)
/opt/st/stm32cubeide_1.11.0/plugins/com.st.stm32cube.ide.mcu.externaltools.gnu-tools-for-stm32.10.3-2021.10.linux64_1.0.100.202210260954/tools/bin/../lib/gcc/arm-none-eabi/10.3.1/../../../../arm-none-eabi/lib/thumb/v7e-m+fp/hard/libc_nano.a(lib_a-init.o)
                              /opt/st/stm32cubeide_1.11.0/plugins/com.st.stm32cube.ide.mcu.externaltools.gnu-tools-for-stm32.10.3-2021.10.linux64_1.0.100.202210260954/tools/bin/../lib/gcc/arm-none-eabi/10.3.1/../../../../arm-none-eabi/lib/thumb/v7e-m+fp/hard/crt0.o (__libc_init_array)
/opt/st/stm32cubeide_1.11.0/plugins/com.st.stm32cube.ide.mcu.externaltools.gnu-tools-for-stm32.10.3-2021.10.linux64_1.0.100.202210260954/tools/bin/../lib/gcc/arm-none-eabi/10.3.1/../../../../arm-none-eabi/lib/thumb/v7e-m+fp/hard/libc_nano.a(lib_a-memset.o)
                              /opt/st/stm32cubeide_1.11.0/plugins/com.st.stm32cube.ide.mcu.externaltools.gnu-tools-for-stm32.10.3-2021.10.linux64_1.0.100.202210260954/tools/bin/../lib/gcc/arm-none-eabi/10.3.1/../../../../arm-none-eabi/lib/thumb/v7e-m+fp/hard/crt0.o (memset)
/opt/st/stm32cubeide_1.11.0/plugins/com.st.stm32cube.ide.mcu.externaltools.gnu-tools-for-stm32.10.3-2021.10.linux64_1.0.100.202210260954/tools/bin/../lib/gcc/arm-none-eabi/10.3.1/thumb/v7e-m+fp/hard/libgcc.a(_aeabi_uldivmod.o)
                              ./Core/Src/main.o (__aeabi_uldivmod)
/opt/st/stm32cubeide_1.11.0/plugins/com.st.stm32cube.ide.mcu.externaltools.gnu-tools-for-stm32.10.3-2021.10.linux64_1.0.100.202210260954/tools/bin/../lib/gcc/arm-none-eabi/10.3.1/thumb/v7e-m+fp/hard/libgcc.a(_udivmoddi4.o)
                              /opt/st/stm32cubeide_1.11.0/plugins/com.st.stm32cube.ide.mcu.externaltools.gnu-tools-for-stm32.10.3-2021.10.linux64_1.0.100.202210260954/tools/bin/../lib/gcc/arm-none-eabi/10.3.1/thumb/v7e-m+fp/hard/libgcc.a(_aeabi_uldivmod.o) (__udivmoddi4)
/opt/st/stm32cubeide_1.11.0/plugins/com.st.stm32cube.ide.mcu.externaltools.gnu-tools-for-stm32.10.3-2021.10.linux64_1.0.100.202210260954/tools/bin/../lib/gcc/arm-none-eabi/10.3.1/thumb/v7e-m+fp/hard/libgcc.a(_dvmd_tls.o)
                              /opt/st/stm32cubeide_1.11.0/plugins/com.st.stm32cube.ide.mcu.externaltools.gnu-tools-for-stm32.10.3-2021.10.linux64_1.0.100.202210260954/tools/bin/../lib/gcc/arm-none-eabi/10.3.1/thumb/v7e-m+fp/hard/libgcc.a(_aeabi_uldivmod.o) (__aeabi_ldiv0)

Discarded input sections

 .text          0x0000000000000000        0x0 /opt/st/stm32cubeide_1.11.0/plugins/com.st.stm32cube.ide.mcu.externaltools.gnu-tools-for-stm32.10.3-2021.10.linux64_1.0.100.202210260954/tools/bin/../lib/gcc/arm-none-eabi/10.3.1/thumb/v7e-m+fp/hard/crti.o
 .data          0x0000000000000000        0x0 /opt/st/stm32cubeide_1.11.0/plugins/com.st.stm32cube.ide.mcu.externaltools.gnu-tools-for-stm32.10.3-2021.10.linux64_1.0.100.202210260954/tools/bin/../lib/gcc/arm-none-eabi/10.3.1/thumb/v7e-m+fp/hard/crti.o
 .bss           0x0000000000000000        0x0 /opt/st/stm32cubeide_1.11.0/plugins/com.st.stm32cube.ide.mcu.externaltools.gnu-tools-for-stm32.10.3-2021.10.linux64_1.0.100.202210260954/tools/bin/../lib/gcc/arm-none-eabi/10.3.1/thumb/v7e-m+fp/hard/crti.o
 .data          0x0000000000000000        0x4 /opt/st/stm32cubeide_1.11.0/plugins/com.st.stm32cube.ide.mcu.externaltools.gnu-tools-for-stm32.10.3-2021.10.linux64_1.0.100.202210260954/tools/bin/../lib/gcc/arm-none-eabi/10.3.1/thumb/v7e-m+fp/hard/crtbegin.o
[...]
Memory Configuration

Name             Origin             Length             Attributes
RAM              0x0000000020000000 0x0000000000020000 xrw
FLASH            0x0000000008000000 0x0000000000080000 xr
*default*        0x0000000000000000 0xffffffffffffffff

Linker script and memory map

LOAD /opt/st/stm32cubeide_1.11.0/plugins/com.st.stm32cube.ide.mcu.externaltools.gnu-tools-for-stm32.10.3-2021.10.linux64_1.0.100.202210260954/tools/bin/../lib/gcc/arm-none-eabi/10.3.1/thumb/v7e-m+fp/hard/crti.o
LOAD /opt/st/stm32cubeide_1.11.0/plugins/com.st.stm32cube.ide.mcu.externaltools.gnu-tools-for-stm32.10.3-2021.10.linux64_1.0.100.202210260954/tools/bin/../lib/gcc/arm-none-eabi/10.3.1/thumb/v7e-m+fp/hard/crtbegin.o
LOAD /opt/st/stm32cubeide_1.11.0/plugins/com.st.stm32cube.ide.mcu.externaltools.gnu-tools-for-stm32.10.3-2021.10.linux64_1.0.100.202210260954/tools/bin/../lib/gcc/arm-none-eabi/10.3.1/../../../../arm-none-eabi/lib/thumb/v7e-m+fp/hard/crt0.o
LOAD ./Core/Src/main.o
LOAD ./Core/Src/stm32f4xx_it.o
LOAD ./Core/Src/syscalls.o
LOAD ./Core/Src/sysmem.o
LOAD ./Core/Src/system_stm32f4xx.o
LOAD ./Core/Startup/startup_stm32f446zetx.o
LOAD ./Drivers/BQ76942_BMS/src/BMS_SPI.o
LOAD ./Drivers/BQ76942_BMS/src/BQ76942.o
LOAD ./Drivers/STM32F4xx_HAL_Driver/Src/stm32f4xx_ll_dma.o
LOAD ./Drivers/STM32F4xx_HAL_Driver/Src/stm32f4xx_ll_exti.o
LOAD ./Drivers/STM32F4xx_HAL_Driver/Src/stm32f4xx_ll_gpio.o
LOAD ./Drivers/STM32F4xx_HAL_Driver/Src/stm32f4xx_ll_rcc.o
LOAD ./Drivers/STM32F4xx_HAL_Driver/Src/stm32f4xx_ll_spi.o
LOAD ./Drivers/STM32F4xx_HAL_Driver/Src/stm32f4xx_ll_tim.o
LOAD ./Drivers/STM32F4xx_HAL_Driver/Src/stm32f4xx_ll_utils.o
START GROUP
LOAD /opt/st/stm32cubeide_1.11.0/plugins/com.st.stm32cube.ide.mcu.externaltools.gnu-tools-for-stm32.10.3-2021.10.linux64_1.0.100.202210260954/tools/bin/../lib/gcc/arm-none-eabi/10.3.1/../../../../arm-none-eabi/lib/thumb/v7e-m+fp/hard/libc_nano.a
LOAD /opt/st/stm32cubeide_1.11.0/plugins/com.st.stm32cube.ide.mcu.externaltools.gnu-tools-for-stm32.10.3-2021.10.linux64_1.0.100.202210260954/tools/bin/../lib/gcc/arm-none-eabi/10.3.1/../../../../arm-none-eabi/lib/thumb/v7e-m+fp/hard/libm.a
END GROUP
START GROUP
LOAD /opt/st/stm32cubeide_1.11.0/plugins/com.st.stm32cube.ide.mcu.externaltools.gnu-tools-for-stm32.10.3-2021.10.linux64_1.0.100.202210260954/tools/bin/../lib/gcc/arm-none-eabi/10.3.1/thumb/v7e-m+fp/hard/libgcc.a
LOAD /opt/st/stm32cubeide_1.11.0/plugins/com.st.stm32cube.ide.mcu.externaltools.gnu-tools-for-stm32.10.3-2021.10.linux64_1.0.100.202210260954/tools/bin/../lib/gcc/arm-none-eabi/10.3.1/../../../../arm-none-eabi/lib/thumb/v7e-m+fp/hard/libc_nano.a
END GROUP
START GROUP
LOAD /opt/st/stm32cubeide_1.11.0/plugins/com.st.stm32cube.ide.mcu.externaltools.gnu-tools-for-stm32.10.3-2021.10.linux64_1.0.100.202210260954/tools/bin/../lib/gcc/arm-none-eabi/10.3.1/thumb/v7e-m+fp/hard/libgcc.a
LOAD /opt/st/stm32cubeide_1.11.0/plugins/com.st.stm32cube.ide.mcu.externaltools.gnu-tools-for-stm32.10.3-2021.10.linux64_1.0.100.202210260954/tools/bin/../lib/gcc/arm-none-eabi/10.3.1/../../../../arm-none-eabi/lib/thumb/v7e-m+fp/hard/libc_nano.a
LOAD /opt/st/stm32cubeide_1.11.0/plugins/com.st.stm32cube.ide.mcu.externaltools.gnu-tools-for-stm32.10.3-2021.10.linux64_1.0.100.202210260954/tools/bin/../lib/gcc/arm-none-eabi/10.3.1/../../../../arm-none-eabi/lib/thumb/v7e-m+fp/hard/libnosys.a
END GROUP
START GROUP
LOAD /opt/st/stm32cubeide_1.11.0/plugins/com.st.stm32cube.ide.mcu.externaltools.gnu-tools-for-stm32.10.3-2021.10.linux64_1.0.100.202210260954/tools/bin/../lib/gcc/arm-none-eabi/10.3.1/thumb/v7e-m+fp/hard/libgcc.a
LOAD /opt/st/stm32cubeide_1.11.0/plugins/com.st.stm32cube.ide.mcu.externaltools.gnu-tools-for-stm32.10.3-2021.10.linux64_1.0.100.202210260954/tools/bin/../lib/gcc/arm-none-eabi/10.3.1/../../../../arm-none-eabi/lib/thumb/v7e-m+fp/hard/libc_nano.a
LOAD /opt/st/stm32cubeide_1.11.0/plugins/com.st.stm32cube.ide.mcu.externaltools.gnu-tools-for-stm32.10.3-2021.10.linux64_1.0.100.202210260954/tools/bin/../lib/gcc/arm-none-eabi/10.3.1/../../../../arm-none-eabi/lib/thumb/v7e-m+fp/hard/libnosys.a
END GROUP
LOAD /opt/st/stm32cubeide_1.11.0/plugins/com.st.stm32cube.ide.mcu.externaltools.gnu-tools-for-stm32.10.3-2021.10.linux64_1.0.100.202210260954/tools/bin/../lib/gcc/arm-none-eabi/10.3.1/thumb/v7e-m+fp/hard/crtend.o
LOAD /opt/st/stm32cubeide_1.11.0/plugins/com.st.stm32cube.ide.mcu.externaltools.gnu-tools-for-stm32.10.3-2021.10.linux64_1.0.100.202210260954/tools/bin/../lib/gcc/arm-none-eabi/10.3.1/thumb/v7e-m+fp/hard/crtn.o
                0x0000000020020000                _estack = (ORIGIN (RAM) + LENGTH (RAM))
                0x0000000000000200                _Min_Heap_Size = 0x200
                0x0000000000000400                _Min_Stack_Size = 0x400

.isr_vector     0x0000000008000000      0x1c4
                0x0000000008000000                . = ALIGN (0x4)
 *(.isr_vector)
 .isr_vector    0x0000000008000000      0x1c4 ./Core/Startup/startup_stm32f446zetx.o
                0x0000000008000000                g_pfnVectors
                0x00000000080001c4                . = ALIGN (0x4)

.text           0x00000000080001c4     0x1b68
                0x00000000080001c4                . = ALIGN (0x4)
 *(.text)
 .text          0x00000000080001c4       0x40 /opt/st/stm32cubeide_1.11.0/plugins/com.st.stm32cube.ide.mcu.externaltools.gnu-tools-for-stm32.10.3-2021.10.linux64_1.0.100.202210260954/tools/bin/../lib/gcc/arm-none-eabi/10.3.1/thumb/v7e-m+fp/hard/crtbegin.o
 .text          0x0000000008000204       0x30 /opt/st/stm32cubeide_1.11.0/plugins/com.st.stm32cube.ide.mcu.externaltools.gnu-tools-for-stm32.10.3-2021.10.linux64_1.0.100.202210260954/tools/bin/../lib/gcc/arm-none-eabi/10.3.1/thumb/v7e-m+fp/hard/libgcc.a(_aeabi_uldivmod.o)
                0x0000000008000204                __aeabi_uldivmod
 .text          0x0000000008000234      0x2d0 /opt/st/stm32cubeide_1.11.0/plugins/com.st.stm32cube.ide.mcu.externaltools.gnu-tools-for-stm32.10.3-2021.10.linux64_1.0.100.202210260954/tools/bin/../lib/gcc/arm-none-eabi/10.3.1/thumb/v7e-m+fp/hard/libgcc.a(_udivmoddi4.o)
                0x0000000008000234                __udivmoddi4
 .text          0x0000000008000504        0x4 /opt/st/stm32cubeide_1.11.0/plugins/com.st.stm32cube.ide.mcu.externaltools.gnu-tools-for-stm32.10.3-2021.10.linux64_1.0.100.202210260954/tools/bin/../lib/gcc/arm-none-eabi/10.3.1/thumb/v7e-m+fp/hard/libgcc.a(_dvmd_tls.o)
                0x0000000008000504                __aeabi_ldiv0
                0x0000000008000504                __aeabi_idiv0
 *(.text*)
 .text.__NVIC_SetPriorityGrouping
                0x0000000008000508       0x48 ./Core/Src/main.o
 .text.__NVIC_GetPriorityGrouping
                0x0000000008000550       0x1c ./Core/Src/main.o
 .text.__NVIC_EnableIRQ
                0x000000000800056c       0x3c ./Core/Src/main.o
 .text.__NVIC_SetPriority
                0x00000000080005a8       0x54 ./Core/Src/main.o
 .text.NVIC_EncodePriority
                0x00000000080005fc       0x66 ./Core/Src/main.o
 *fill*         0x0000000008000662        0x2 
 .text.SysTick_Config
                0x0000000008000664       0x44 ./Core/Src/main.o
 .text.LL_GPIO_SetOutputPin
                0x00000000080006a8       0x1c ./Core/Src/main.o
 .text.main     0x00000000080006c4      0x5d4 ./Core/Src/main.o
                0x00000000080006c4                main
 .text.delay_ms
                0x0000000008000c98       0x48 ./Core/Src/main.o
                0x0000000008000c98                delay_ms
 .text.TIM7_IRQHandler
                0x0000000008000ce0       0x40 ./Core/Src/main.o
                0x0000000008000ce0                TIM7_IRQHandler
 .text.RCC_GetSysClockFreq
                0x0000000008000d20      0x460 ./Core/Src/main.o
                0x0000000008000d20                RCC_GetSysClockFreq
 .text.NMI_Handler
                0x0000000008001180        0x6 ./Core/Src/stm32f4xx_it.o
                0x0000000008001180                NMI_Handler
 .text.HardFault_Handler
                0x0000000008001186        0x6 ./Core/Src/stm32f4xx_it.o
                0x0000000008001186                HardFault_Handler
 .text.MemManage_Handler
                0x000000000800118c        0x6 ./Core/Src/stm32f4xx_it.o
                0x000000000800118c                MemManage_Handler
 .text.BusFault_Handler
                0x0000000008001192        0x6 ./Core/Src/stm32f4xx_it.o
                0x0000000008001192                BusFault_Handler
 .text.UsageFault_Handler
                0x0000000008001198        0x6 ./Core/Src/stm32f4xx_it.o
                0x0000000008001198                UsageFault_Handler
 .text.SVC_Handler
                0x000000000800119e        0xe ./Core/Src/stm32f4xx_it.o
                0x000000000800119e                SVC_Handler
 .text.DebugMon_Handler
                0x00000000080011ac        0xe ./Core/Src/stm32f4xx_it.o
                0x00000000080011ac                DebugMon_Handler
 .text.PendSV_Handler
                0x00000000080011ba        0xe ./Core/Src/stm32f4xx_it.o
                0x00000000080011ba                PendSV_Handler
 .text.SysTick_Handler
                0x00000000080011c8       0x24 ./Core/Src/stm32f4xx_it.o
                0x00000000080011c8                SysTick_Handler
 .text.SystemInit
                0x00000000080011ec       0x24 ./Core/Src/system_stm32f4xx.o
                0x00000000080011ec                SystemInit
 .text.Reset_Handler
                0x0000000008001210       0x50 ./Core/Startup/startup_stm32f446zetx.o
                0x0000000008001210                Reset_Handler
 .text.Default_Handler
                0x0000000008001260        0x2 ./Core/Startup/startup_stm32f446zetx.o
                0x0000000008001260                RTC_Alarm_IRQHandler
                0x0000000008001260                EXTI2_IRQHandler
                0x0000000008001260                TIM8_CC_IRQHandler
                0x0000000008001260                FMPI2C1_EV_IRQHandler
                0x0000000008001260                SPI4_IRQHandler
                0x0000000008001260                TIM1_CC_IRQHandler
                0x0000000008001260                DMA2_Stream5_IRQHandler
                0x0000000008001260                DMA1_Stream5_IRQHandler
                0x0000000008001260                PVD_IRQHandler
                0x0000000008001260                SDIO_IRQHandler
                0x0000000008001260                TAMP_STAMP_IRQHandler
                0x0000000008001260                CAN2_RX1_IRQHandler
                0x0000000008001260                EXTI3_IRQHandler
                0x0000000008001260                TIM8_TRG_COM_TIM14_IRQHandler
                0x0000000008001260                TIM1_UP_TIM10_IRQHandler
                0x0000000008001260                TIM8_UP_TIM13_IRQHandler
                0x0000000008001260                I2C3_ER_IRQHandler
                0x0000000008001260                EXTI0_IRQHandler
                0x0000000008001260                I2C2_EV_IRQHandler
                0x0000000008001260                DMA1_Stream2_IRQHandler
                0x0000000008001260                CAN1_RX0_IRQHandler
                0x0000000008001260                FPU_IRQHandler
                0x0000000008001260                OTG_HS_WKUP_IRQHandler
                0x0000000008001260                CAN2_SCE_IRQHandler
                0x0000000008001260                DMA2_Stream2_IRQHandler
                0x0000000008001260                SPI1_IRQHandler
                0x0000000008001260                TIM6_DAC_IRQHandler
                0x0000000008001260                TIM1_BRK_TIM9_IRQHandler
                0x0000000008001260                DCMI_IRQHandler
                0x0000000008001260                CAN2_RX0_IRQHandler
                0x0000000008001260                DMA2_Stream3_IRQHandler
                0x0000000008001260                SAI2_IRQHandler
                0x0000000008001260                USART6_IRQHandler
                0x0000000008001260                USART3_IRQHandler
                0x0000000008001260                CAN1_RX1_IRQHandler
                0x0000000008001260                UART5_IRQHandler
                0x0000000008001260                DMA2_Stream0_IRQHandler
                0x0000000008001260                TIM4_IRQHandler
                0x0000000008001260                QUADSPI_IRQHandler
                0x0000000008001260                I2C1_EV_IRQHandler
                0x0000000008001260                DMA1_Stream6_IRQHandler
                0x0000000008001260                DMA1_Stream1_IRQHandler
                0x0000000008001260                UART4_IRQHandler
                0x0000000008001260                TIM3_IRQHandler
                0x0000000008001260                RCC_IRQHandler
                0x0000000008001260                TIM8_BRK_TIM12_IRQHandler
                0x0000000008001260                Default_Handler
                0x0000000008001260                CEC_IRQHandler
                0x0000000008001260                EXTI15_10_IRQHandler
                0x0000000008001260                ADC_IRQHandler
                0x0000000008001260                DMA1_Stream7_IRQHandler
                0x0000000008001260                CAN2_TX_IRQHandler
                0x0000000008001260                TIM5_IRQHandler
                0x0000000008001260                DMA2_Stream7_IRQHandler
                0x0000000008001260                I2C3_EV_IRQHandler
                0x0000000008001260                EXTI9_5_IRQHandler
                0x0000000008001260                RTC_WKUP_IRQHandler
                0x0000000008001260                SPDIF_RX_IRQHandler
                0x0000000008001260                SPI2_IRQHandler
                0x0000000008001260                OTG_HS_EP1_IN_IRQHandler
                0x0000000008001260                DMA1_Stream0_IRQHandler
                0x0000000008001260                CAN1_TX_IRQHandler
                0x0000000008001260                FMPI2C1_ER_IRQHandler
                0x0000000008001260                EXTI4_IRQHandler
                0x0000000008001260                OTG_HS_EP1_OUT_IRQHandler
                0x0000000008001260                WWDG_IRQHandler
                0x0000000008001260                TIM2_IRQHandler
                0x0000000008001260                OTG_FS_WKUP_IRQHandler
                0x0000000008001260                TIM1_TRG_COM_TIM11_IRQHandler
                0x0000000008001260                OTG_HS_IRQHandler
                0x0000000008001260                EXTI1_IRQHandler
                0x0000000008001260                USART2_IRQHandler
                0x0000000008001260                I2C2_ER_IRQHandler
                0x0000000008001260                DMA2_Stream1_IRQHandler
                0x0000000008001260                CAN1_SCE_IRQHandler
                0x0000000008001260                FLASH_IRQHandler
                0x0000000008001260                DMA2_Stream4_IRQHandler
                0x0000000008001260                USART1_IRQHandler
                0x0000000008001260                OTG_FS_IRQHandler
                0x0000000008001260                SPI3_IRQHandler
                0x0000000008001260                DMA1_Stream4_IRQHandler
                0x0000000008001260                I2C1_ER_IRQHandler
                0x0000000008001260                FMC_IRQHandler
                0x0000000008001260                DMA2_Stream6_IRQHandler
                0x0000000008001260                SAI1_IRQHandler
                0x0000000008001260                DMA1_Stream3_IRQHandler
 .text.LL_SPI_IsEnabledCRC
                0x0000000008001262       0x28 ./Drivers/BQ76942_BMS/src/BMS_SPI.o
 .text.LL_SPI_SetCRCNext
                0x000000000800128a       0x20 ./Drivers/BQ76942_BMS/src/BMS_SPI.o
 .text.LL_SPI_IsActiveFlag_RXNE
                0x00000000080012aa       0x26 ./Drivers/BQ76942_BMS/src/BMS_SPI.o
 .text.LL_SPI_IsActiveFlag_TXE
                0x00000000080012d0       0x26 ./Drivers/BQ76942_BMS/src/BMS_SPI.o
 .text.LL_SPI_IsActiveFlag_CRCERR
                0x00000000080012f6       0x26 ./Drivers/BQ76942_BMS/src/BMS_SPI.o
 .text.LL_SPI_ClearFlag_CRCERR
                0x000000000800131c       0x20 ./Drivers/BQ76942_BMS/src/BMS_SPI.o
 .text.LL_SPI_ReceiveData8
                0x000000000800133c       0x1c ./Drivers/BQ76942_BMS/src/BMS_SPI.o
 .text.LL_SPI_TransmitData8
                0x0000000008001358       0x24 ./Drivers/BQ76942_BMS/src/BMS_SPI.o
 .text.LL_GPIO_SetOutputPin
                0x000000000800137c       0x1c ./Drivers/BQ76942_BMS/src/BMS_SPI.o
 .text.LL_GPIO_ResetOutputPin
                0x0000000008001398       0x1e ./Drivers/BQ76942_BMS/src/BMS_SPI.o
 *fill*         0x00000000080013b6        0x2 
 .text.SPI_WriteReg
                0x00000000080013b8      0x130 ./Drivers/BQ76942_BMS/src/BMS_SPI.o
                0x00000000080013b8                SPI_WriteReg
 .text.SPI_ReadReg
                0x00000000080014e8      0x104 ./Drivers/BQ76942_BMS/src/BMS_SPI.o
                0x00000000080014e8                SPI_ReadReg
 .text.SPI_TransmitRecieve
                0x00000000080015ec      0x1b0 ./Drivers/BQ76942_BMS/src/BMS_SPI.o
                0x00000000080015ec                SPI_TransmitRecieve
 .text.BQ769x2_ReadVoltage
                0x000000000800179c       0x5c ./Drivers/BQ76942_BMS/src/BQ76942.o
                0x000000000800179c                BQ769x2_ReadVoltage
 .text.BQ769x2_ReadAllVoltages
                0x00000000080017f8       0x7c ./Drivers/BQ76942_BMS/src/BQ76942.o
                0x00000000080017f8                BQ769x2_ReadAllVoltages
 .text.BQ769x2_ReadCellBalance
                0x0000000008001874       0x18 ./Drivers/BQ76942_BMS/src/BQ76942.o
                0x0000000008001874                BQ769x2_ReadCellBalance
 .text.BQ769x2_WriteCellBalance
                0x000000000800188c       0x24 ./Drivers/BQ76942_BMS/src/BQ76942.o
                0x000000000800188c                BQ769x2_WriteCellBalance
 .text.Checksum
                0x00000000080018b0       0x46 ./Drivers/BQ76942_BMS/src/BQ76942.o
                0x00000000080018b0                Checksum
 *fill*         0x00000000080018f6        0x2 
 .text.BQ769x2_SetRegister
                0x00000000080018f8      0x134 ./Drivers/BQ76942_BMS/src/BQ76942.o
                0x00000000080018f8                BQ769x2_SetRegister
 .text.handle_direct_commands
                0x0000000008001a2c       0x64 ./Drivers/BQ76942_BMS/src/BQ76942.o
                0x0000000008001a2c                handle_direct_commands
 .text.handle_subcommands
                0x0000000008001a90       0xf8 ./Drivers/BQ76942_BMS/src/BQ76942.o
                0x0000000008001a90                handle_subcommands
 .text.handle_command_only_subcommands
                0x0000000008001b88       0x3a ./Drivers/BQ76942_BMS/src/BQ76942.o
                0x0000000008001b88                handle_command_only_subcommands
 .text.BQ769x2_Init
                0x0000000008001bc2      0x108 ./Drivers/BQ76942_BMS/src/BQ76942.o
                0x0000000008001bc2                BQ769x2_Init
 *fill*         0x0000000008001cca        0x2 
 .text.__libc_init_array
                0x0000000008001ccc       0x48 /opt/st/stm32cubeide_1.11.0/plugins/com.st.stm32cube.ide.mcu.externaltools.gnu-tools-for-stm32.10.3-2021.10.linux64_1.0.100.202210260954/tools/bin/../lib/gcc/arm-none-eabi/10.3.1/../../../../arm-none-eabi/lib/thumb/v7e-m+fp/hard/libc_nano.a(lib_a-init.o)
                0x0000000008001ccc                __libc_init_array
 *(.glue_7)
 .glue_7        0x0000000008001d14        0x0 linker stubs
 *(.glue_7t)
 .glue_7t       0x0000000008001d14        0x0 linker stubs
 *(.eh_frame)
 .eh_frame      0x0000000008001d14        0x0 /opt/st/stm32cubeide_1.11.0/plugins/com.st.stm32cube.ide.mcu.externaltools.gnu-tools-for-stm32.10.3-2021.10.linux64_1.0.100.202210260954/tools/bin/../lib/gcc/arm-none-eabi/10.3.1/thumb/v7e-m+fp/hard/crtbegin.o
 *(.init)
 .init          0x0000000008001d14        0x4 /opt/st/stm32cubeide_1.11.0/plugins/com.st.stm32cube.ide.mcu.externaltools.gnu-tools-for-stm32.10.3-2021.10.linux64_1.0.100.202210260954/tools/bin/../lib/gcc/arm-none-eabi/10.3.1/thumb/v7e-m+fp/hard/crti.o
                0x0000000008001d14                _init
 .init          0x0000000008001d18        0x8 /opt/st/stm32cubeide_1.11.0/plugins/com.st.stm32cube.ide.mcu.externaltools.gnu-tools-for-stm32.10.3-2021.10.linux64_1.0.100.202210260954/tools/bin/../lib/gcc/arm-none-eabi/10.3.1/thumb/v7e-m+fp/hard/crtn.o
 *(.fini)
 .fini          0x0000000008001d20        0x4 /opt/st/stm32cubeide_1.11.0/plugins/com.st.stm32cube.ide.mcu.externaltools.gnu-tools-for-stm32.10.3-2021.10.linux64_1.0.100.202210260954/tools/bin/../lib/gcc/arm-none-eabi/10.3.1/thumb/v7e-m+fp/hard/crti.o
                0x0000000008001d20                _fini
 .fini          0x0000000008001d24        0x8 /opt/st/stm32cubeide_1.11.0/plugins/com.st.stm32cube.ide.mcu.externaltools.gnu-tools-for-stm32.10.3-2021.10.linux64_1.0.100.202210260954/tools/bin/../lib/gcc/arm-none-eabi/10.3.1/thumb/v7e-m+fp/hard/crtn.o
                0x0000000008001d2c                . = ALIGN (0x4)
                0x0000000008001d2c                _etext = .

.vfp11_veneer   0x0000000008001d2c        0x0
 .vfp11_veneer  0x0000000008001d2c        0x0 linker stubs

.v4_bx          0x0000000008001d2c        0x0
 .v4_bx         0x0000000008001d2c        0x0 linker stubs

.iplt           0x0000000008001d2c        0x0
 .iplt          0x0000000008001d2c        0x0 /opt/st/stm32cubeide_1.11.0/plugins/com.st.stm32cube.ide.mcu.externaltools.gnu-tools-for-stm32.10.3-2021.10.linux64_1.0.100.202210260954/tools/bin/../lib/gcc/arm-none-eabi/10.3.1/thumb/v7e-m+fp/hard/crtbegin.o

.rodata         0x0000000008001d2c       0x14
                0x0000000008001d2c                . = ALIGN (0x4)
 *(.rodata)
 .rodata        0x0000000008001d2c        0xa ./Drivers/BQ76942_BMS/src/BMS_SPI.o
 *fill*         0x0000000008001d36        0x2 
 .rodata        0x0000000008001d38        0x6 ./Drivers/BQ76942_BMS/src/BQ76942.o
 *(.rodata*)
                0x0000000008001d40                . = ALIGN (0x4)
 *fill*         0x0000000008001d3e        0x2 

.ARM.extab      0x0000000008001d40        0x0
                0x0000000008001d40                . = ALIGN (0x4)
 *(.ARM.extab* .gnu.linkonce.armextab.*)
                0x0000000008001d40                . = ALIGN (0x4)

.ARM            0x0000000008001d40        0x8
                0x0000000008001d40                . = ALIGN (0x4)
                0x0000000008001d40                __exidx_start = .
 *(.ARM.exidx*)
 .ARM.exidx     0x0000000008001d40        0x8 /opt/st/stm32cubeide_1.11.0/plugins/com.st.stm32cube.ide.mcu.externaltools.gnu-tools-for-stm32.10.3-2021.10.linux64_1.0.100.202210260954/tools/bin/../lib/gcc/arm-none-eabi/10.3.1/thumb/v7e-m+fp/hard/libgcc.a(_udivmoddi4.o)
                0x0000000008001d48                __exidx_end = .
                0x0000000008001d48                . = ALIGN (0x4)

.rel.dyn        0x0000000008001d48        0x0
 .rel.iplt      0x0000000008001d48        0x0 /opt/st/stm32cubeide_1.11.0/plugins/com.st.stm32cube.ide.mcu.externaltools.gnu-tools-for-stm32.10.3-2021.10.linux64_1.0.100.202210260954/tools/bin/../lib/gcc/arm-none-eabi/10.3.1/thumb/v7e-m+fp/hard/crtbegin.o

.preinit_array  0x0000000008001d48        0x0
                0x0000000008001d48                . = ALIGN (0x4)
                0x0000000008001d48                PROVIDE (__preinit_array_start = .)
 *(.preinit_array*)
                0x0000000008001d48                PROVIDE (__preinit_array_end = .)
                0x0000000008001d48                . = ALIGN (0x4)

.init_array     0x0000000008001d48        0x4
                0x0000000008001d48                . = ALIGN (0x4)
                0x0000000008001d48                PROVIDE (__init_array_start = .)
 *(SORT_BY_NAME(.init_array.*))
 *(.init_array*)
 .init_array    0x0000000008001d48        0x4 /opt/st/stm32cubeide_1.11.0/plugins/com.st.stm32cube.ide.mcu.externaltools.gnu-tools-for-stm32.10.3-2021.10.linux64_1.0.100.202210260954/tools/bin/../lib/gcc/arm-none-eabi/10.3.1/thumb/v7e-m+fp/hard/crtbegin.o
                0x0000000008001d4c                PROVIDE (__init_array_end = .)
                0x0000000008001d4c                . = ALIGN (0x4)

.fini_array     0x0000000008001d4c        0x4
                0x0000000008001d4c                . = ALIGN (0x4)
                [!provide]                        PROVIDE (__fini_array_start = .)
 *(SORT_BY_NAME(.fini_array.*))
 *(.fini_array*)
 .fini_array    0x0000000008001d4c        0x4 /opt/st/stm32cubeide_1.11.0/plugins/com.st.stm32cube.ide.mcu.externaltools.gnu-tools-for-stm32.10.3-2021.10.linux64_1.0.100.202210260954/tools/bin/../lib/gcc/arm-none-eabi/10.3.1/thumb/v7e-m+fp/hard/crtbegin.o
                [!provide]                        PROVIDE (__fini_array_end = .)
                0x0000000008001d50                . = ALIGN (0x4)
                0x0000000008001d50                _sidata = LOADADDR (.data)

.data           0x0000000020000000        0x8 load address 0x0000000008001d50
                0x0000000020000000                . = ALIGN (0x4)
                0x0000000020000000                _sdata = .
 *(.data)
 *(.data*)
 .data.uwTickPrio
                0x0000000020000000        0x4 ./Core/Src/main.o
                0x0000000020000000                uwTickPrio
 .data.SystemCoreClock
                0x0000000020000004        0x4 ./Core/Src/system_stm32f4xx.o
                0x0000000020000004                SystemCoreClock
 *(.RamFunc)
 *(.RamFunc*)
                0x0000000020000008                . = ALIGN (0x4)
                0x0000000020000008                _edata = .

.igot.plt       0x0000000020000008        0x0 load address 0x0000000008001d58
 .igot.plt      0x0000000020000008        0x0 /opt/st/stm32cubeide_1.11.0/plugins/com.st.stm32cube.ide.mcu.externaltools.gnu-tools-for-stm32.10.3-2021.10.linux64_1.0.100.202210260954/tools/bin/../lib/gcc/arm-none-eabi/10.3.1/thumb/v7e-m+fp/hard/crtbegin.o
                0x0000000020000008                . = ALIGN (0x4)

.bss            0x0000000020000008       0x9c load address 0x0000000008001d58
                0x0000000020000008                _sbss = .
                0x0000000020000008                __bss_start__ = _sbss
 *(.bss)
 .bss           0x0000000020000008       0x1c /opt/st/stm32cubeide_1.11.0/plugins/com.st.stm32cube.ide.mcu.externaltools.gnu-tools-for-stm32.10.3-2021.10.linux64_1.0.100.202210260954/tools/bin/../lib/gcc/arm-none-eabi/10.3.1/thumb/v7e-m+fp/hard/crtbegin.o
 *(.bss*)
 *fill*         0x0000000020000024        0x4 
 .bss.counter_millis
                0x0000000020000028        0x8 ./Core/Src/main.o
                0x0000000020000028                counter_millis
 .bss.delay_counter_ms
                0x0000000020000030        0x8 ./Core/Src/stm32f4xx_it.o
                0x0000000020000030                delay_counter_ms
 .bss.hSPIx     0x0000000020000038       0x1c ./Drivers/BQ76942_BMS/src/BMS_SPI.o
                0x0000000020000038                hSPIx
 .bss.Rx_data   0x0000000020000054        0x3 ./Drivers/BQ76942_BMS/src/BMS_SPI.o
                0x0000000020000054                Rx_data
 *fill*         0x0000000020000057        0x1 
 .bss.RX_data   0x0000000020000058        0x2 ./Drivers/BQ76942_BMS/src/BQ76942.o
                0x0000000020000058                RX_data
 *fill*         0x000000002000005a        0x2 
 .bss.RX_32Byte
                0x000000002000005c       0x20 ./Drivers/BQ76942_BMS/src/BQ76942.o
                0x000000002000005c                RX_32Byte
 .bss.CellVoltage
                0x000000002000007c       0x20 ./Drivers/BQ76942_BMS/src/BQ76942.o
                0x000000002000007c                CellVoltage
 .bss.Stack_Voltage
                0x000000002000009c        0x2 ./Drivers/BQ76942_BMS/src/BQ76942.o
                0x000000002000009c                Stack_Voltage
 .bss.Pack_Voltage
                0x000000002000009e        0x2 ./Drivers/BQ76942_BMS/src/BQ76942.o
                0x000000002000009e                Pack_Voltage
 .bss.LD_Voltage
                0x00000000200000a0        0x2 ./Drivers/BQ76942_BMS/src/BQ76942.o
                0x00000000200000a0                LD_Voltage
 *(COMMON)
                0x00000000200000a4                . = ALIGN (0x4)
 *fill*         0x00000000200000a2        0x2 
                0x00000000200000a4                _ebss = .
                0x00000000200000a4                __bss_end__ = _ebss

._user_heap_stack
                0x00000000200000a4      0x604 load address 0x0000000008001d58
                0x00000000200000a8                . = ALIGN (0x8)
 *fill*         0x00000000200000a4        0x4 
                [!provide]                        PROVIDE (end = .)
                0x00000000200000a8                PROVIDE (_end = .)
                0x00000000200002a8                . = (. + _Min_Heap_Size)
 *fill*         0x00000000200000a8      0x200 
                0x00000000200006a8                . = (. + _Min_Stack_Size)
 *fill*         0x00000000200002a8      0x400 
                0x00000000200006a8                . = ALIGN (0x8)

/DISCARD/
 libc.a(*)
 libm.a(*)
 libgcc.a(*)

.ARM.attributes
                0x0000000000000000       0x30
 *(.ARM.attributes)
 .ARM.attributes
                0x0000000000000000       0x1e /opt/st/stm32cubeide_1.11.0/plugins/com.st.stm32cube.ide.mcu.externaltools.gnu-tools-for-stm32.10.3-2021.10.linux64_1.0.100.202210260954/tools/bin/../lib/gcc/arm-none-eabi/10.3.1/thumb/v7e-m+fp/hard/crti.o
 .ARM.attributes
                0x000000000000001e       0x34 /opt/st/stm32cubeide_1.11.0/plugins/com.st.stm32cube.ide.mcu.externaltools.gnu-tools-for-stm32.10.3-2021.10.linux64_1.0.100.202210260954/tools/bin/../lib/gcc/arm-none-eabi/10.3.1/thumb/v7e-m+fp/hard/crtbegin.o
 .ARM.attributes
                0x0000000000000052       0x34 ./Core/Src/main.o
 .ARM.attributes
                0x0000000000000086       0x34 ./Core/Src/stm32f4xx_it.o
 .ARM.attributes
                0x00000000000000ba       0x34 ./Core/Src/system_stm32f4xx.o
 .ARM.attributes
                0x00000000000000ee       0x21 ./Core/Startup/startup_stm32f446zetx.o
 .ARM.attributes
                0x000000000000010f       0x34 ./Drivers/BQ76942_BMS/src/BMS_SPI.o
 .ARM.attributes
                0x0000000000000143       0x34 ./Drivers/BQ76942_BMS/src/BQ76942.o
 .ARM.attributes
                0x0000000000000177       0x34 /opt/st/stm32cubeide_1.11.0/plugins/com.st.stm32cube.ide.mcu.externaltools.gnu-tools-for-stm32.10.3-2021.10.linux64_1.0.100.202210260954/tools/bin/../lib/gcc/arm-none-eabi/10.3.1/../../../../arm-none-eabi/lib/thumb/v7e-m+fp/hard/libc_nano.a(lib_a-init.o)
 .ARM.attributes
                0x00000000000001ab       0x1e /opt/st/stm32cubeide_1.11.0/plugins/com.st.stm32cube.ide.mcu.externaltools.gnu-tools-for-stm32.10.3-2021.10.linux64_1.0.100.202210260954/tools/bin/../lib/gcc/arm-none-eabi/10.3.1/thumb/v7e-m+fp/hard/libgcc.a(_aeabi_uldivmod.o)
 .ARM.attributes
                0x00000000000001c9       0x34 /opt/st/stm32cubeide_1.11.0/plugins/com.st.stm32cube.ide.mcu.externaltools.gnu-tools-for-stm32.10.3-2021.10.linux64_1.0.100.202210260954/tools/bin/../lib/gcc/arm-none-eabi/10.3.1/thumb/v7e-m+fp/hard/libgcc.a(_udivmoddi4.o)
 .ARM.attributes
                0x00000000000001fd       0x1e /opt/st/stm32cubeide_1.11.0/plugins/com.st.stm32cube.ide.mcu.externaltools.gnu-tools-for-stm32.10.3-2021.10.linux64_1.0.100.202210260954/tools/bin/../lib/gcc/arm-none-eabi/10.3.1/thumb/v7e-m+fp/hard/libgcc.a(_dvmd_tls.o)
 .ARM.attributes
                0x000000000000021b       0x1e /opt/st/stm32cubeide_1.11.0/plugins/com.st.stm32cube.ide.mcu.externaltools.gnu-tools-for-stm32.10.3-2021.10.linux64_1.0.100.202210260954/tools/bin/../lib/gcc/arm-none-eabi/10.3.1/thumb/v7e-m+fp/hard/crtn.o
OUTPUT(STM32_BMS.elf elf32-littlearm)
LOAD linker stubs
LOAD /opt/st/stm32cubeide_1.11.0/plugins/com.st.stm32cube.ide.mcu.externaltools.gnu-tools-for-stm32.10.3-2021.10.linux64_1.0.100.202210260954/tools/bin/../lib/gcc/arm-none-eabi/10.3.1/../../../../arm-none-eabi/lib/thumb/v7e-m+fp/hard/libc.a
LOAD /opt/st/stm32cubeide_1.11.0/plugins/com.st.stm32cube.ide.mcu.externaltools.gnu-tools-for-stm32.10.3-2021.10.linux64_1.0.100.202210260954/tools/bin/../lib/gcc/arm-none-eabi/10.3.1/../../../../arm-none-eabi/lib/thumb/v7e-m+fp/hard/libm.a
LOAD /opt/st/stm32cubeide_1.11.0/plugins/com.st.stm32cube.ide.mcu.externaltools.gnu-tools-for-stm32.10.3-2021.10.linux64_1.0.100.202210260954/tools/bin/../lib/gcc/arm-none-eabi/10.3.1/thumb/v7e-m+fp/hard/libgcc.a

.debug_info     0x0000000000000000     0x22cd
 .debug_info    0x0000000000000000      0xf7c ./Core/Src/main.o
 .debug_info    0x0000000000000f7c      0x1ef ./Core/Src/stm32f4xx_it.o
 .debug_info    0x000000000000116b      0x554 ./Core/Src/system_stm32f4xx.o
 .debug_info    0x00000000000016bf       0x22 ./Core/Startup/startup_stm32f446zetx.o
 .debug_info    0x00000000000016e1      0x710 ./Drivers/BQ76942_BMS/src/BMS_SPI.o
 .debug_info    0x0000000000001df1      0x4dc ./Drivers/BQ76942_BMS/src/BQ76942.o

.debug_abbrev   0x0000000000000000      0x760
 .debug_abbrev  0x0000000000000000      0x29d ./Core/Src/main.o
 .debug_abbrev  0x000000000000029d       0x93 ./Core/Src/stm32f4xx_it.o
 .debug_abbrev  0x0000000000000330      0x116 ./Core/Src/system_stm32f4xx.o
 .debug_abbrev  0x0000000000000446       0x12 ./Core/Startup/startup_stm32f446zetx.o
 .debug_abbrev  0x0000000000000458      0x1be ./Drivers/BQ76942_BMS/src/BMS_SPI.o
 .debug_abbrev  0x0000000000000616      0x14a ./Drivers/BQ76942_BMS/src/BQ76942.o

.debug_aranges  0x0000000000000000      0x210
 .debug_aranges
                0x0000000000000000       0x78 ./Core/Src/main.o
 .debug_aranges
                0x0000000000000078       0x60 ./Core/Src/stm32f4xx_it.o
 .debug_aranges
                0x00000000000000d8       0x28 ./Core/Src/system_stm32f4xx.o
 .debug_aranges
                0x0000000000000100       0x28 ./Core/Startup/startup_stm32f446zetx.o
 .debug_aranges
                0x0000000000000128       0x80 ./Drivers/BQ76942_BMS/src/BMS_SPI.o
 .debug_aranges
                0x00000000000001a8       0x68 ./Drivers/BQ76942_BMS/src/BQ76942.o

.debug_ranges   0x0000000000000000      0x1b8
 .debug_ranges  0x0000000000000000       0x68 ./Core/Src/main.o
 .debug_ranges  0x0000000000000068       0x50 ./Core/Src/stm32f4xx_it.o
 .debug_ranges  0x00000000000000b8       0x18 ./Core/Src/system_stm32f4xx.o
 .debug_ranges  0x00000000000000d0       0x20 ./Core/Startup/startup_stm32f446zetx.o
 .debug_ranges  0x00000000000000f0       0x70 ./Drivers/BQ76942_BMS/src/BMS_SPI.o
 .debug_ranges  0x0000000000000160       0x58 ./Drivers/BQ76942_BMS/src/BQ76942.o

.debug_macro    0x0000000000000000    0x1bbdf
 .debug_macro   0x0000000000000000      0x19e ./Core/Src/main.o
 .debug_macro   0x000000000000019e      0xaba ./Core/Src/main.o
 .debug_macro   0x0000000000000c58       0x2e ./Core/Src/main.o
 .debug_macro   0x0000000000000c86       0x28 ./Core/Src/main.o
 .debug_macro   0x0000000000000cae       0x22 ./Core/Src/main.o
 .debug_macro   0x0000000000000cd0       0x8e ./Core/Src/main.o
 .debug_macro   0x0000000000000d5e       0x51 ./Core/Src/main.o
 .debug_macro   0x0000000000000daf      0x103 ./Core/Src/main.o
 .debug_macro   0x0000000000000eb2       0x6a ./Core/Src/main.o
 .debug_macro   0x0000000000000f1c      0x1df ./Core/Src/main.o
 .debug_macro   0x00000000000010fb       0x1c ./Core/Src/main.o
 .debug_macro   0x0000000000001117       0x22 ./Core/Src/main.o
 .debug_macro   0x0000000000001139       0xd9 ./Core/Src/main.o
 .debug_macro   0x0000000000001212     0x102d ./Core/Src/main.o
 .debug_macro   0x000000000000223f      0x11f ./Core/Src/main.o
 .debug_macro   0x000000000000235e    0x16749 ./Core/Src/main.o
 .debug_macro   0x0000000000018aa7       0x6d ./Core/Src/main.o
 .debug_macro   0x0000000000018b14      0xd63 ./Core/Src/main.o
 .debug_macro   0x0000000000019877      0x1db ./Core/Src/main.o
 .debug_macro   0x0000000000019a52      0x21c ./Core/Src/main.o
 .debug_macro   0x0000000000019c6e       0xe8 ./Core/Src/main.o
 .debug_macro   0x0000000000019d56      0x1a6 ./Core/Src/main.o
 .debug_macro   0x0000000000019efc       0x61 ./Core/Src/main.o
 .debug_macro   0x0000000000019f5d       0xd5 ./Core/Src/main.o
 .debug_macro   0x000000000001a032      0x1e6 ./Core/Src/main.o
 .debug_macro   0x000000000001a218      0x23b ./Core/Src/main.o
 .debug_macro   0x000000000001a453      0x5fa ./Core/Src/main.o
 .debug_macro   0x000000000001aa4d      0x149 ./Core/Src/main.o
 .debug_macro   0x000000000001ab96       0x70 ./Core/Src/main.o
 .debug_macro   0x000000000001ac06       0x34 ./Core/Src/main.o
 .debug_macro   0x000000000001ac3a      0xa82 ./Core/Src/main.o
 .debug_macro   0x000000000001b6bc      0x150 ./Core/Src/stm32f4xx_it.o
 .debug_macro   0x000000000001b80c       0xce ./Core/Src/system_stm32f4xx.o
 .debug_macro   0x000000000001b8da      0x15b ./Drivers/BQ76942_BMS/src/BMS_SPI.o
 .debug_macro   0x000000000001ba35       0x2e ./Drivers/BQ76942_BMS/src/BMS_SPI.o
 .debug_macro   0x000000000001ba63      0x17c ./Drivers/BQ76942_BMS/src/BQ76942.o

.debug_line     0x0000000000000000     0x2680
 .debug_line    0x0000000000000000      0x9d4 ./Core/Src/main.o
 .debug_line    0x00000000000009d4      0x638 ./Core/Src/stm32f4xx_it.o
 .debug_line    0x000000000000100c      0x4cb ./Core/Src/system_stm32f4xx.o
 .debug_line    0x00000000000014d7       0x88 ./Core/Startup/startup_stm32f446zetx.o
 .debug_line    0x000000000000155f      0x90f ./Drivers/BQ76942_BMS/src/BMS_SPI.o
 .debug_line    0x0000000000001e6e      0x812 ./Drivers/BQ76942_BMS/src/BQ76942.o

.debug_str      0x0000000000000000    0xa0beb
 .debug_str     0x0000000000000000    0xa074b ./Core/Src/main.o
                                      0xa097e (size before relaxing)
 .debug_str     0x00000000000a074b       0xce ./Core/Src/stm32f4xx_it.o
                                      0x9dd95 (size before relaxing)
 .debug_str     0x00000000000a0819       0x66 ./Core/Src/system_stm32f4xx.o
                                      0x8afb3 (size before relaxing)
 .debug_str     0x00000000000a087f       0x36 ./Core/Startup/startup_stm32f446zetx.o
                                         0x70 (size before relaxing)
 .debug_str     0x00000000000a08b5      0x1f9 ./Drivers/BQ76942_BMS/src/BMS_SPI.o
                                      0x9e083 (size before relaxing)
 .debug_str     0x00000000000a0aae      0x13d ./Drivers/BQ76942_BMS/src/BQ76942.o
                                      0xa0061 (size before relaxing)

.comment        0x0000000000000000       0x50
 .comment       0x0000000000000000       0x50 ./Core/Src/main.o
                                         0x51 (size before relaxing)
 .comment       0x0000000000000050       0x51 ./Core/Src/stm32f4xx_it.o
 .comment       0x0000000000000050       0x51 ./Core/Src/system_stm32f4xx.o
 .comment       0x0000000000000050       0x51 ./Drivers/BQ76942_BMS/src/BMS_SPI.o
 .comment       0x0000000000000050       0x51 ./Drivers/BQ76942_BMS/src/BQ76942.o

.debug_frame    0x0000000000000000      0x744
 .debug_frame   0x0000000000000000      0x1dc ./Core/Src/main.o
 .debug_frame   0x00000000000001dc      0x108 ./Core/Src/stm32f4xx_it.o
 .debug_frame   0x00000000000002e4       0x58 ./Core/Src/system_stm32f4xx.o
 .debug_frame   0x000000000000033c      0x210 ./Drivers/BQ76942_BMS/src/BMS_SPI.o
 .debug_frame   0x000000000000054c      0x16c ./Drivers/BQ76942_BMS/src/BQ76942.o
 .debug_frame   0x00000000000006b8       0x2c /opt/st/stm32cubeide_1.11.0/plugins/com.st.stm32cube.ide.mcu.externaltools.gnu-tools-for-stm32.10.3-2021.10.linux64_1.0.100.202210260954/tools/bin/../lib/gcc/arm-none-eabi/10.3.1/../../../../arm-none-eabi/lib/thumb/v7e-m+fp/hard/libc_nano.a(lib_a-init.o)
 .debug_frame   0x00000000000006e4       0x2c /opt/st/stm32cubeide_1.11.0/plugins/com.st.stm32cube.ide.mcu.externaltools.gnu-tools-for-stm32.10.3-2021.10.linux64_1.0.100.202210260954/tools/bin/../lib/gcc/arm-none-eabi/10.3.1/thumb/v7e-m+fp/hard/libgcc.a(_aeabi_uldivmod.o)
 .debug_frame   0x0000000000000710       0x34 /opt/st/stm32cubeide_1.11.0/plugins/com.st.stm32cube.ide.mcu.externaltools.gnu-tools-for-stm32.10.3-2021.10.linux64_1.0.100.202210260954/tools/bin/../lib/gcc/arm-none-eabi/10.3.1/thumb/v7e-m+fp/hard/libgcc.a(_udivmoddi4.o)
